{
  "schema": 4,
  "profile": "leading_power_nlo_extension",
  "scope": "One-loop leading-power Collins ep with independent HF matching; narrow-cone/R1 qualification retained; not unrestricted fixed-order NLO or Figure 6.",
  "qualifications": {
    "source_review": "REQUIRED",
    "radius_R1_certification": "NOT_GRANTED",
    "full_fixed_order_NLO": "OUTSIDE_SCOPE",
    "figure6": "PAUSED",
    "fitted_providers": "NOT_REQUIRED",
    "finite_HF_reference": "native-route and upstream checks; source review required",
    "closed_full_twist3_evolution": "NOT_CLAIMED"
  },
  "status": "CHECKS_PASS",
  "seeds": [
    1729,
    92741
  ],
  "release_sha256": "2d64a893028115a266d7d29a43fdb61a73a5c75b19319cb616245fa4edaa715f",
  "reports": [
    {
      "path": "/bigTMD/collins_support/states/Collins-ep-analytic-state-v0.4.0/literature-revalidation-001/nlo-1729.json",
      "sha256": "f897ee91089a2121efc0bd57103dee112fdb89cc9cd05654cefdc53cb90f1ae5"
    },
    {
      "path": "/bigTMD/collins_support/states/Collins-ep-analytic-state-v0.4.0/literature-revalidation-001/nlo-92741.json",
      "sha256": "df6a709563f29df8c62db20d462e9eae939f28b813364d992f91e81b5711198a"
    }
  ],
  "retained_pair": {
    "sha256": "38672bfaaa47adae30cb8569b7f420a53e2ea6599bb650fc0e2e02c45feb0f9f",
    "execution": {
      "command": [
        "/usr/bin/python3.10",
        "/bigTMD/collins_support/validators/analytic/retained/v0.4.0/retained/v0.3.3/compare_derivation_reports.py",
        "--repo",
        "/bigTMD",
        "--report",
        "/bigTMD/collins_support/reports/relocation-pair-001-evidence/retained/pair-evidence/retained-pair.json",
        "/bigTMD/collins_support/states/Collins-ep-analytic-state-v0.4.0/literature-revalidation-001/nlo-1729-evidence/retained.json",
        "/bigTMD/collins_support/states/Collins-ep-analytic-state-v0.4.0/literature-revalidation-001/nlo-92741-evidence/retained.json"
      ],
      "exit_code": 0,
      "log_sha256": "91ae646d9450861089895c5c486999bb2f2e343e68f3331892bfcc110e836e20",
      "elapsed_seconds": 403.706
    }
  },
  "evidence_snapshot": {
    "retained-pair.json": {
      "kind": "file",
      "sha256": "38672bfaaa47adae30cb8569b7f420a53e2ea6599bb650fc0e2e02c45feb0f9f",
      "size": 1121
    },
    "retained-pair.log": {
      "kind": "file",
      "sha256": "91ae646d9450861089895c5c486999bb2f2e343e68f3331892bfcc110e836e20",
      "size": 1121
    }
  }
}
