"soft_reassembly/r03/soft_standard"" ""EXACT"
"soft_reassembly/r03/soft_global"" ""EXACT"
"soft_reassembly/r03/soft_injet"" ""EXACT"
"soft_reassembly/r03/soft_cs_out"" ""EXACT"
"soft_reassembly/r03/recoil_soft_bare"" ""EXACT"
"soft_reassembly/r03/recoil_soft_finite"" ""EXACT"
"soft_reassembly/r03/jet_common_overlap"" ""EXACT"
"soft_reassembly/r03/jet_comparison_bare"" ""EXACT"
"soft_reassembly/r03/jet_comparison_overlap"" ""EXACT"
"soft_reassembly/r03/jet_UU_bare_remainder"" ""EXACT"
"soft_reassembly/r03/jet_UT_bare_remainder"" ""EXACT"
"soft_shift_with_poles"" ""EXACT"
"soft_rapidity_native"" ""EXACT"
"soft_plus_unsubtracted_TMD"" ""EXACT"
"local_zetaJ"" ""EXACT"
"native_fourier/Gaussian"" ""EXACT"
"native_fourier/full_D_scalar"" ""EXACT"
"native_fourier/full_D_rank_one"" ""EXACT"
"native_fourier/operator_angular_conversion"" ""EXACT"
"native_fourier/ratio_to_native_sphere"" ""EXACT"
"native_fourier/fragmentation_phase_ratio"" ""EXACT"
"Gaussian_forward_U"" ""EXACT"
"Gaussian_forward_C"" ""EXACT"
"Gaussian_inverse_U"" ""EXACT"
"Gaussian_inverse_T"" ""EXACT"
"native_U_radial_measure"" ""EXACT"
"native_T_signed_radial_measure"" ""EXACT"
"analyzer_local_sine"" ""EXACT"

                                 1
Power::infy: Infinite expression - encountered.
                                 0

                                 1
Power::infy: Infinite expression - encountered.
                                 0

                                 1
Power::infy: Infinite expression - encountered.
                                 0

General::stop: Further output of Power::infy will be suppressed during this calculation.

Infinity::indet: Indeterminate expression 0 CF ComplexInfinity encountered.

Infinity::indet: Indeterminate expression 0 CF ComplexInfinity encountered.

Infinity::indet: Indeterminate expression 0 CF ComplexInfinity encountered.

General::stop: Further output of Infinity::indet will be suppressed during this calculation.
"saved_ep_UU_convolution"" ""EXACT"
"saved_ep_UT_convolution"" ""EXACT"
"saved_ep_HF_action"" ""EXACT"
"HF_test_endpoint_value"" ""EXACT"
"HF_test_endpoint_derivative"" ""EXACT"
"ep_isolated_fragmentation_U1"" ""EXACT"
"ep_isolated_fragmentation_T1"" ""EXACT"
"highpt_fragmentation_order"" ""EXACT"
"saved_highpt/UU/LO"" ""EXACT"
"saved_highpt/UU/Born_times_jet_NLO"" ""EXACT"
"saved_highpt/UU/TMD_input"" ""EXACT"
"saved_highpt/UT/LO"" ""EXACT"
"saved_highpt/UT/Born_times_jet_NLO"" ""EXACT"
"saved_highpt/UT/TMD_input"" ""EXACT"
"saved_jet/Uqq/delta"" ""EXACT"
"saved_jet/Uqq/plus0"" ""EXACT"
"saved_jet/Uqq/plus1"" ""EXACT"
"saved_jet/Uqq/regular"" ""EXACT"
"saved_jet/Tqq/delta"" ""EXACT"
"saved_jet/Tqq/plus0"" ""EXACT"
"saved_jet/Tqq/plus1"" ""EXACT"
"saved_jet/Tqq/regular"" ""EXACT"
"saved_jet/Uqg/delta"" ""EXACT"
"saved_jet/Uqg/plus0"" ""EXACT"
"saved_jet/Uqg/plus1"" ""EXACT"
"saved_jet/Uqg/regular"" ""EXACT"
"jet_test/Uqq/1"" ""EXACT"
"jet_test/Uqq/2"" ""EXACT"
"jet_test/Uqq/3"" ""EXACT"
"jet_test/Tqq/1"" ""EXACT"
"jet_test/Tqq/2"" ""EXACT"
"jet_test/Tqq/3"" ""EXACT"
"auxiliary_distribution_helper/Uqq"" ""EXACT"
"auxiliary_distribution_helper/Tqq"" ""EXACT"
"out_of_jet/Uqq/{0, 1/5}"" ""EXPECTED_NONZERO_DIFFERENCE"" ""4.4670023991979496683151`5.244621273848415*^-55"
"out_of_jet/Uqq/{0, 2/5}"" ""EXPECTED_NONZERO_DIFFERENCE"" ""3.2495994715993047671546`5.163704435520835*^-55"
"out_of_jet/Uqq/{Log[4], 1/5}"" ""EXPECTED_NONZERO_DIFFERENCE"" ""2.1477910060490035500376`5.03096202375853*^-55"
"out_of_jet/Uqq/{Log[4], 2/5}"" ""EXPECTED_NONZERO_DIFFERENCE"" ""1.478087355135454651708`4.868670106007958*^-55"
"out_of_jet/Uqq/{-Log[4], 1/5}"" ""EXPECTED_NONZERO_DIFFERENCE"" ""8.1059298716870852057902`5.497862727175891*^-55"
"out_of_jet/Uqq/{-Log[4], 2/5}"" ""EXPECTED_NONZERO_DIFFERENCE"" ""7.9164758664296855554382`5.382824538425804*^-55"
"out_of_jet/Tqq/{0, 1/5}"" ""EXPECTED_NONZERO_DIFFERENCE"" ""0``59.59873439622948"
"out_of_jet/Tqq/{0, 2/5}"" ""EXPECTED_NONZERO_DIFFERENCE"" ""0``59.65439464392755"
"out_of_jet/Tqq/{Log[4], 1/5}"" ""EXPECTED_NONZERO_DIFFERENCE"" ""0``59.69897000433602"
"out_of_jet/Tqq/{Log[4], 2/5}"" ""EXPECTED_NONZERO_DIFFERENCE"" ""0``59.69897000433602"
"out_of_jet/Tqq/{-Log[4], 1/5}"" ""EXPECTED_NONZERO_DIFFERENCE"" ""0``59.56546524894811"
"out_of_jet/Tqq/{-Log[4], 2/5}"" ""EXPECTED_NONZERO_DIFFERENCE"" ""0``59.474603907284965"
"out_of_jet/Uqg/{0, 1/5}"" ""EXPECTED_NONZERO_DIFFERENCE"" ""0``59.698970004336026"
"out_of_jet/Uqg/{0, 2/5}"" ""EXPECTED_NONZERO_DIFFERENCE"" ""0``59.69897000433601"
"out_of_jet/Uqg/{Log[4], 1/5}"" ""EXPECTED_NONZERO_DIFFERENCE"" ""0``59.69897000433601"
"out_of_jet/Uqg/{Log[4], 2/5}"" ""EXPECTED_NONZERO_DIFFERENCE"" ""0``59.69897000433602"
"out_of_jet/Uqg/{-Log[4], 1/5}"" ""EXPECTED_NONZERO_DIFFERENCE"" ""0``60.48116931583067"
"out_of_jet/Uqg/{-Log[4], 2/5}"" ""EXPECTED_NONZERO_DIFFERENCE"" ""0``59.848377465739574"
"KINEMATIC_CASE ""k1"
"HF_inner/1/primitive"" ""EXACT"
"HF_inner/1/sample1"" ""NUMERICAL_AGREEMENT"" ""0``62.188809356849895"
"HF_inner/1/sample2"" ""NUMERICAL_AGREEMENT"" ""0``62.385262604711265"
"HF_inner/1"" OUTER_QUADRATURE"
"HF_inner/2/primitive"" ""EXACT"
"HF_inner/2/sample1"" ""NUMERICAL_AGREEMENT"" ""0``62.20218166553632"
"HF_inner/2/sample2"" ""NUMERICAL_AGREEMENT"" ""0``62.136801575829395"
"HF_inner/2"" OUTER_QUADRATURE"
"k1/UU0"" ""NUMERICAL_AGREEMENT"" ""0``63.37325860961161"
"k1/UU1"" ""NUMERICAL_AGREEMENT"" ""0``62.263484157480235"
"k1/UT0"" ""NUMERICAL_AGREEMENT"" ""0``67.020649987054"
"k1/UT1"" ""NUMERICAL_AGREEMENT"" ""0``65.9065580764457"
"k1/physical_Uqq"" ""EXPECTED_NONZERO_DIFFERENCE"" ""0``62.054333657221285"
"k1/physical_Tqq"" ""EXPECTED_NONZERO_DIFFERENCE"" ""0``65.53473210070332"
"k1/recoil_separate"" ""EXPECTED_NONZERO_DIFFERENCE"" ""0``59.69897000433602"
"KINEMATIC_CASE ""k2"
"HF_inner/3/primitive"" ""EXACT"
"HF_inner/3/sample1"" ""NUMERICAL_AGREEMENT"" ""0``62.43991282831707"
"HF_inner/3/sample2"" ""NUMERICAL_AGREEMENT"" ""0``62.77123198137978"
"HF_inner/3"" OUTER_QUADRATURE"
"HF_inner/4/primitive"" ""EXACT"
"HF_inner/4/sample1"" ""NUMERICAL_AGREEMENT"" ""0``62.61372446977247"
"HF_inner/4/sample2"" ""NUMERICAL_AGREEMENT"" ""0``62.71408895370937"
"HF_inner/4"" OUTER_QUADRATURE"
"k2/UU0"" ""NUMERICAL_AGREEMENT"" ""0``63.99319176707684"
"k2/UU1"" ""NUMERICAL_AGREEMENT"" ""0``63.533724888242666"
"k2/UT0"" ""NUMERICAL_AGREEMENT"" ""0``67.83434439959002"
"k2/UT1"" ""NUMERICAL_AGREEMENT"" ""0``67.71156833695923"
"k2/physical_Uqq"" ""EXPECTED_NONZERO_DIFFERENCE"" ""0``62.45749379532892"
"k2/physical_Tqq"" ""EXPECTED_NONZERO_DIFFERENCE"" ""0``66.24655034825787"
"k2/recoil_separate"" ""EXPECTED_NONZERO_DIFFERENCE"" ""0``59.69897000433601"
"KINEMATIC_CASE ""k3"
"HF_inner/5/primitive"" ""EXACT"
"HF_inner/5/sample1"" ""NUMERICAL_AGREEMENT"" ""0``62.83973770940477"
"HF_inner/5/sample2"" ""NUMERICAL_AGREEMENT"" ""0``63.26921660114809"
"HF_inner/5"" OUTER_QUADRATURE"
"HF_inner/6/primitive"" ""EXACT"
"HF_inner/6/sample1"" ""NUMERICAL_AGREEMENT"" ""0``63.221391156857294"
"HF_inner/6/sample2"" ""NUMERICAL_AGREEMENT"" ""0``63.4430282426035"
"HF_inner/6"" OUTER_QUADRATURE"
"k3/UU0"" ""NUMERICAL_AGREEMENT"" ""0``64.72413173852541"
"k3/UU1"" ""NUMERICAL_AGREEMENT"" ""0``63.5831179416443"
"k3/UT0"" ""NUMERICAL_AGREEMENT"" ""0``68.93050710580093"
"k3/UT1"" ""NUMERICAL_AGREEMENT"" ""0``67.78858271588207"
"k3/physical_Uqq"" ""EXPECTED_NONZERO_DIFFERENCE"" ""0``63.49126597163976"
"k3/physical_Tqq"" ""EXPECTED_NONZERO_DIFFERENCE"" ""0``67.66347948010562"
"k3/recoil_separate"" ""EXPECTED_NONZERO_DIFFERENCE"" ""0``59.85842934134908"
"NATIVE_COMPARISON_DONE ""FOCUSED_CHECKS_COMPLETE_WITH_QUALIFICATIONS"" "<|"EXACT" -> 68, "EXPECTED_NONZERO_DIFFERENCE" -> 27, "NUMERICAL_AGREEMENT" -> 24|>
